<h2>People</h2>
<ul>
  
  <li>
    Dave (25) is
    
      working
    
  </li>
  
  <li>
    John (17) is
    
      unemployed
    
  </li>
  
</ul>
